Port Channel | LACP-PAGP

- Siapkan device
2 Switch

- Konfigurasi Switch 1
Switch(config)#int range fa0/1-3
Switch(config-if-range)#channel-group 1 mode active
Switch(config-if-range)#ex
Switch(config)#int port-channel 1
Switch(config-if)#switchport mode trunk

- Konfigurasi Switch 2
Switch(config)#int range fa0/1-3
Switch(config-if-range)#channel-group 1 mode passive
Switch(config-if-range)#ex
Switch(config)#int port-channel 1
Switch(config-if)#switchport mode trunk 



- Pengujian
Tambahkan 1 Server 
2 PC

- Konfigurasi server
192.168.1.1
255.255.255.0
192.168.1.1

Services -> DHCP -> On
Gateway: 192.168.1.1
Start: 192.168.1.2

- Konfigurasi PC 1 & 2
DHCP

- Verifikasi Port Channel
Switch#show etherchannel summary 
Group  Port-channel  Protocol    Ports
------+-------------+-----------+----------------------------------------------
1      Po1(SU)           LACP   Fa0/1(P) Fa0/2(P) Fa0/3(P) 
	
Switch#sh etherchannel port-channel

Port-channel: Po1


SWITCH-1#sh run int e 1/0           
Building configuration...

interface Ethernet1/0
Current configuration : 179 bytes
!
 switchport trunk native vlan 254
 switchport trunk encapsulation dot1q
 switchport mode trunk
 channel-protocol pagp
 channel-group 1 mode desirable
end

SWITCH-1#


SWITCH-1#sh int port-channel 1 
Port-channel1 is up, line protocol is up (connected) 
  Hardware is EtherChannel, address is aabb.cc00.0321 (bia aabb.cc00.0321)
  MTU 1500 bytes, BW 40000 Kbit/sec, DLY 1000 usec, 
     reliability 255/255, txload 1/255, rxload 1/255
  Encapsulation ARPA, loopback not set
  Keepalive set (10 sec)
  Auto-duplex, Auto-speed, media type is unknown
  input flow-control is off, output flow-control is unsupported 
  Members in this channel: Et1/0 Et1/1 Et1/2 Et1/3 
  ARP type: ARPA, ARP Timeout 04:00:00
  Last input 00:00:26, output never, output hang never
  Last clearing of "show interface" counters never
  Input queue: 0/2000/0/0 (size/max/drops/flushes); Total output drops: 0
  Queueing strategy: fifo
  Output queue: 0/40 (size/max)
  5 minute input rate 0 bits/sec, 0 packets/sec
  5 minute output rate 1000 bits/sec, 2 packets/sec
     263 packets input, 16516 bytes, 0 no buffer
     Received 263 broadcasts (0 multicasts)
     0 runts, 0 giants, 0 throttles 
     0 input errors, 0 CRC, 0 frame, 0 overrun, 0 ignored
     0 input packets with dribble condition detected
     3853 packets output, 302186 bytes, 0 underruns
     0 output errors, 0 collisions, 0 interface resets
     0 unknown protocol drops
     0 babbles, 0 late collision, 0 deferred
     0 lost carrier, 0 no carrier
     0 output buffer failures, 0 output buffers swapped out
SWITCH-1# 





